// Jest Snapshot v1, https://goo.gl/fbAQLP

exports[`should render demo and match snapshot 1`] = `
<main>
  <virtual-list
    endIndex=""
    height="1000rpx"
    id="virtual-list"
    itemHeight="250rpx"
    refresherDefaultStyle="none"
    refresherEnabled="{{true}}"
    refresherTriggered="{{false}}"
    sourceData="{{Array []}}"
    startIndex=""
    bind:load="load"
    bind:refresh="refresh"
    bind:visibleDataChange="onVisibleDataChange"
  >
    <wx-view
      slot="refresher"
    >
      刷新
    </wx-view>
    <wx-view
      slot="footer"
      style="text-align: center;"
    />
    <wx-view
      slot="empty"
      style="text-align: center;"
    >
      
    暂无数据
  
    </wx-view>
  </virtual-list>
</main>
`;
